Analyzing gemma_local_ai...                                     

  error - The name 'NativeGenerateText' isn't a type, so it can't be used as a type argument - lib\ai\llama_service.dart:82:49 - non_type_as_type_argument
  error - The type 'InvalidType' given to 'lookupFunction' must be a valid 'dart:ffi' native function type - lib\ai\llama_service.dart:82:49 - must_be_a_native_function_type
  error - The name 'DartGenerateText' isn't a type, so it can't be used as a type argument - lib\ai\llama_service.dart:82:69 - non_type_as_type_argument
  error - The name 'NativeFreeText' isn't a type, so it can't be used as a type argument - lib\ai\llama_service.dart:83:45 - non_type_as_type_argument
  error - The type 'InvalidType' given to 'lookupFunction' must be a valid 'dart:ffi' native function type - lib\ai\llama_service.dart:83:45 - must_be_a_native_function_type
  error - The name 'DartFreeText' isn't a type, so it can't be used as a type argument - lib\ai\llama_service.dart:83:61 - non_type_as_type_argument
warning - The value of the field '_speechEnabled' isn't used - lib\screens\chat_screen.dart:25:8 - unused_field
   info - 'withOpacity' is deprecated and shouldn't be used. Use .withValues() to avoid precision loss - lib\screens\chat_screen.dart:215:41 - deprecated_member_use

